<html>
<body>
<pre>
<h1>µVision Build Log</h1>
<h2>Tool Versions:</h2>
IDE-Version: ¦ÌVision V5.25.2.0
Copyright (C) 2018 ARM Ltd and ARM Germany GmbH. All rights reserved.
License Information: Su yuhuan, Microsoft, LIC=PE701-CDPDZ-H8JFS-LCJPY-3PT1S-JDZYL
 
Tool Versions:
Toolchain:       MDK-ARM Plus  Version: 5.25.2.0
Toolchain Path:  D:\Keil_v5\ARM\ARMCC\Bin
C Compiler:      Armcc.exe V5.06 update 6 (build 750)
Assembler:       Armasm.exe V5.06 update 6 (build 750)
Linker/Locator:  ArmLink.exe V5.06 update 6 (build 750)
Library Manager: ArmAr.exe V5.06 update 6 (build 750)
Hex Converter:   FromElf.exe V5.06 update 6 (build 750)
CPU DLL:         SARMCM3.DLL V5.25.2.0
Dialog DLL:      DARMSTM.DLL V1.68.0.0
Target DLL:      UL2CM3.DLL V1.160.12.0
Dialog DLL:      TARMSTM.DLL V1.66.0.0
 
<h2>Project:</h2>
D:\Suyh\Ò»°ãÎÄ¼þ\PJ_IOT\PJ_IOT\FreeRTOSv10.0.1\FreeRTOS\Demo\CORTEX_STM32F103_Keil\RTOSDemo.uvproj
Project File Date:  12/04/2018

<h2>Output:</h2>
*** Using Compiler 'V5.06 update 6 (build 750)', folder: 'D:\Keil_v5\ARM\ARMCC\Bin'
Rebuild target 'Target 1'
assembling cortexm3_macro_rvds.s...
compiling lcd.c...
assembling STM32F10x.s...
compiling stm32f10x_lib.c...
compiling stm32f10x_nvic.c...
compiling stm32f10x_gpio.c...
compiling stm32f10x_usart.c...
compiling stm32f10x_spi.c...
compiling stm32f10x_rcc.c...
compiling stm32f10x_systick.c...
compiling stm32f10x_tim.c...
compiling serial.c...
compiling ParTest.c...
compiling timertest.c...
compiling main.c...
compiling spi_flash.c...
compiling BlockQ.c...
compiling semtest.c...
compiling blocktim.c...
compiling death.c...
compiling flash.c...
compiling comtest.c...
compiling integer.c...
compiling PollQ.c...
compiling tasks.c...
compiling list.c...
compiling heap_2.c...
compiling queue.c...
compiling port.c...
linking...
Program Size: Code=22998 RO-data=14530 RW-data=252 ZI-data=18148  
".\RTOSDemo.axf" - 0 Error(s), 0 Warning(s).
Build Time Elapsed:  00:00:05
</pre>
</body>
</html>
